Starting >>> custom_interfaces
Starting >>> thrusterboard_pkg
CMake Error at CMakeLists.txt:9 (find_package):
  By not providing "Findament_cmake.cmake" in CMAKE_MODULE_PATH this project
  has asked CMake to find a package configuration file provided by
  "ament_cmake", but CMake did not find one.

  Could not find a package configuration file provided by "ament_cmake" with
  any of the following names:

    ament_cmakeConfig.cmake
    ament_cmake-config.cmake

  Add the installation prefix of "ament_cmake" to CMAKE_PREFIX_PATH or set
  "ament_cmake_DIR" to a directory containing one of the above files.  If
  "ament_cmake" provides a separate development package or SDK, be sure it
  has been installed.


-- Configuring incomplete, errors occurred!
--- stderr: custom_interfaces
CMake Error at CMakeLists.txt:9 (find_package):
  By not providing "Findament_cmake.cmake" in CMAKE_MODULE_PATH this project
  has asked CMake to find a package configuration file provided by
  "ament_cmake", but CMake did not find one.

  Could not find a package configuration file provided by "ament_cmake" with
  any of the following names:

    ament_cmakeConfig.cmake
    ament_cmake-config.cmake

  Add the installation prefix of "ament_cmake" to CMAKE_PREFIX_PATH or set
  "ament_cmake_DIR" to a directory containing one of the above files.  If
  "ament_cmake" provides a separate development package or SDK, be sure it
  has been installed.


---
Failed   <<< custom_interfaces [3.00s, exited with code 1]
Aborted  <<< thrusterboard_pkg [3.00s]

Summary: 0 packages finished [6.40s]
  1 package failed: custom_interfaces
  1 package aborted: thrusterboard_pkg
  1 package had stderr output: custom_interfaces
